// Jest Snapshot v1, https://jestjs.io/docs/snapshot-testing

exports[`buildSpeechMeta snapshot test should show focus state correctly 1`] = `
"<div class="speech-meta"><button class="meta-btn thoughts" aria-label="Click to copy thoughts to clipboard" title="Click to copy thoughts" style="--clr: var(--thoughts-icon-color);"><svg xmlns="http://www.w3.org/2000/svg" width="20" height="20" viewBox="0 0 20 20" fill="currentColor"><path d="M16.417 10.333c0-2.347-1.9-4.25-4.25-4.25h-.354a.354.354 0 0 1-.353-.354c0-1.76-1.433-3.196-3.196-3.196S5.07 4.023 5.07 5.783c0 .162.013.32.036.477a.354.354 0 0 1-.29.388C2.96 7.02.833 8.942.833 11.283c0 2.457 1.993 4.45 4.45 4.45.24 0 .474-.014.704-.042a.354.354 0 0 1 .343.23c.44 1.133 1.512 1.946 2.793 1.946h.14c1.556 0 2.82-1.263 2.82-2.82v-.526a.354.354 0 0 1 .354-.354h2.147c1.045 0 1.92-.764 2.07-1.767.1-.64-.103-1.27-.52-1.763z"></path></svg><div class="meta-tooltip">foo</div></button><button class="meta-btn notes" aria-label="Click to copy notes to clipboard" title="Click to copy notes" style="--clr: var(--notes-icon-color);"><svg xmlns="http://www.w3.org/2000/svg" width="20" height="20" viewBox="0 0 20 20" fill="currentColor"><path fill-rule="evenodd" d="M4 2a2 2 0 0 0-2 2v12a2 2 0 0 0 2 2h12a2 2 0 0 0 2-2V8.828a2 2 0 0 0-.586-1.414l-4.414-4.414A2 2 0 0 0 11.172 2H4zm5.5 2.5a.5.5 0 0 0-.5-.5H5a.5.5 0 0 0-.5.5v11a.5.5 0 0 0 .5.5h10a.5.5 0 0 0 .5-.5V9.5a.5.5 0 0 0-.5-.5h-4a.5.5 0 0 0-.5.5V11H6V9h3.5V6.5zM11 5H6V4h5v1z" clip-rule="evenodd"></path></svg><div class="meta-tooltip meta-tooltip--notes"><div class="notes-container notes-container--single">
      <div class="note-item" data-index="0">
    <div class="note-header"><span class="note-subject-type" data-type="observation"><span class="note-type-icon">👁️</span>observation</span><span class="note-subject">TestSubject</span></div>
    <div class="note-content">bar</div>
    
  </div>
    </div></div></button></div>"
`;
