// Jest Snapshot v1, https://goo.gl/fbAQLP

exports[`registerCoreSystems should match snapshot for registration calls 1`] = `
[
  [
    "EquipmentEffectSystem",
    [Function],
    {
      "dependencies": [
        "EventBus",
        "EntityManager",
        "GameDataRepository",
      ],
      "lifecycle": "singleton",
      "tags": [
        "initializableSystem",
      ],
    },
  ],
  [
    "EquipmentSlotSystem",
    [Function],
    {
      "dependencies": [
        "EventBus",
        "EntityManager",
        "GameDataRepository",
      ],
      "lifecycle": "singleton",
      "tags": [
        "initializableSystem",
      ],
    },
  ],
  [
    "InventorySystem",
    [Function],
    {
      "dependencies": [
        "EventBus",
        "EntityManager",
        "GameDataRepository",
        "IWorldContext",
      ],
      "lifecycle": "singleton",
      "tags": [
        "initializableSystem",
      ],
    },
  ],
  [
    "DeathSystem",
    [Function],
    {
      "dependencies": [
        "EventBus",
        "EntityManager",
      ],
      "lifecycle": "singleton",
      "tags": [
        "initializableSystem",
      ],
    },
  ],
  [
    "ItemUsageSystem",
    [Function],
    {
      "dependencies": [
        "EventBus",
        "EntityManager",
        "ConditionEvaluationService",
        "ItemTargetResolverService",
        "GameDataRepository",
      ],
      "lifecycle": "singleton",
      "tags": [
        "initializableSystem",
      ],
    },
  ],
  [
    "MovementSystem",
    [Function],
    {
      "dependencies": [
        "EventBus",
        "EntityManager",
      ],
      "lifecycle": "singleton",
      "tags": [
        "initializableSystem",
      ],
    },
  ],
  [
    "CombatSystem",
    [Function],
    {
      "dependencies": [
        "EventBus",
        "EntityManager",
        "GameDataRepository",
      ],
      "lifecycle": "singleton",
      "tags": [
        "initializableSystem",
        "shutdownable",
      ],
    },
  ],
  [
    "WorldPresenceSystem",
    [Function],
    {
      "dependencies": [
        "EventBus",
        "EntityManager",
      ],
      "lifecycle": "singleton",
      "tags": [
        "initializableSystem",
        "shutdownable",
      ],
    },
  ],
  [
    "NotificationUISystem",
    [Function],
    {
      "dependencies": [
        "EventBus",
        "GameDataRepository",
      ],
      "lifecycle": "singleton",
      "tags": [
        "initializableSystem",
        "shutdownable",
      ],
    },
  ],
  [
    "OpenableSystem",
    [Function],
    {
      "dependencies": [
        "EventBus",
        "EntityManager",
      ],
      "lifecycle": "singleton",
      "tags": [
        "initializableSystem",
        "shutdownable",
      ],
    },
  ],
  [
    "HealthSystem",
    [Function],
    {
      "dependencies": [
        "EventBus",
        "EntityManager",
        "GameDataRepository",
      ],
      "lifecycle": "singleton",
      "tags": [
        "initializableSystem",
        "shutdownable",
      ],
    },
  ],
  [
    "StatusEffectSystem",
    [Function],
    {
      "dependencies": [
        "EventBus",
        "EntityManager",
        "GameDataRepository",
      ],
      "lifecycle": "singleton",
      "tags": [
        "initializableSystem",
        "shutdownable",
      ],
    },
  ],
  [
    "LockSystem",
    [Function],
    {
      "dependencies": [
        "EventBus",
        "EntityManager",
      ],
      "lifecycle": "singleton",
      "tags": [
        "initializableSystem",
        "shutdownable",
      ],
    },
  ],
  [
    "IActionDiscoverySystem",
    [Function],
    {
      "lifecycle": "singletonFactory",
      "tags": [
        "initializableSystem",
      ],
    },
  ],
  [
    "PlayerTurnHandler",
    [Function],
    {
      "lifecycle": "singletonFactory",
      "tags": [
        "shutdownable",
      ],
    },
  ],
  [
    "AITurnHandler",
    [Function],
    {
      "lifecycle": "singletonFactory",
    },
  ],
  [
    "TurnHandlerResolver",
    [Function],
    {
      "lifecycle": "singletonFactory",
    },
  ],
  [
    "ITurnManager",
    [Function],
    {
      "lifecycle": "singletonFactory",
      "tags": [
        "initializableSystem",
      ],
    },
  ],
]
`;
